layer at (0,0) size 800x600
  RenderView at (0,0) size 800x600
layer at (0,0) size 800x89
  RenderBlock {html} at (0,0) size 800x89
    RenderBody {body} at (8,16) size 784x57
      RenderBlock {p} at (0,0) size 784x57
        RenderMathMLMath {math} at (0,0) size 180x57 [padding: 0 1 0 1]
          RenderMathMLFenced {mfenced} at (1,0) size 178x57
            RenderMathMLOperator {mfenced} at (1,0) size 7x57
              RenderMathMLBlock (flex) {mfenced} at (0,0) size 7x14
                RenderBlock (anonymous) at (0,0) size 5x14
                  RenderText {mfenced} at (0,-6) size 5x24
                    text run at (0,-6) width 5: "("
            RenderBlock {mtext} at (9,6) size 48x48
              RenderBlock {div} at (0,0) size 48x48 [bgcolor=#00FF00]
            RenderMathMLOperator {mfenced} at (57,31) size 4x5
              RenderMathMLBlock (flex) {mfenced} at (0,0) size 4x5
                RenderBlock (anonymous) at (0,0) size 4x5
                  RenderText {mfenced} at (0,-15) size 4x24
                    text run at (0,-15) width 4: ","
            RenderBlock {mtext} at (65,6) size 48x48
              RenderBlock {div} at (0,0) size 48x48 [bgcolor=#00FF00]
            RenderMathMLOperator {mfenced} at (113,31) size 4x5
              RenderMathMLBlock (flex) {mfenced} at (0,0) size 4x5
                RenderBlock (anonymous) at (0,0) size 4x5
                  RenderText {mfenced} at (0,-15) size 4x24
                    text run at (0,-15) width 4: ","
            RenderBlock {mtext} at (121,6) size 48x48
              RenderBlock {div} at (0,0) size 48x48 [bgcolor=#00FF00]
            RenderMathMLOperator {mfenced} at (170,0) size 7x57
              RenderMathMLBlock (flex) {mfenced} at (0,0) size 7x14
                RenderBlock (anonymous) at (0,0) size 5x14
                  RenderText {mfenced} at (0,-6) size 5x24
                    text run at (0,-6) width 5: ")"
        RenderText {#text} at (0,0) size 0x0
