layer at (0,0) size 800x600
  RenderView at (0,0) size 800x600
layer at (0,0) size 800x350
  RenderBlock {HTML} at (0,0) size 800x350
    RenderBody {BODY} at (8,8) size 784x334
      RenderMathMLMath {math} at (0,0) size 784x75 [padding: 0 1 0 1]
        RenderMathMLRow {mrow} at (291,0) size 202x75
          RenderMathMLRow {mrow} at (0,0) size 140x75
            RenderMathMLRow {mrow} at (0,0) size 61x75
              RenderBlock {mi} at (0,33) size 5x15
                RenderText {#text} at (0,-6) size 4x24
                  text run at (0,-6) width 4: "f"
              RenderMathMLRow {mrow} at (5,0) size 56x75
                RenderMathMLOperator {mo} at (1,0) size 7x75
                  RenderMathMLBlock (flex) {mo} at (0,0) size 7x14
                    RenderBlock (anonymous) at (0,0) size 5x14
                      RenderText {mo} at (0,-6) size 5x24
                        text run at (0,-6) width 5: "("
                RenderMathMLFraction {mfrac} at (10,9) size 36x63
                  RenderMathMLBlock (anonymous, flex) at (0,0) size 36x31
                    RenderMathMLRow {mrow} at (0,0) size 36x28
                      RenderMathMLFraction {mfrac} at (1,0) size 9x28
                        RenderMathMLBlock (anonymous, flex) at (0,0) size 9x12
                          RenderBlock {mi} at (0,0) size 9x9
                            RenderText {#text} at (0,-9) size 8x24
                              text run at (0,-9) width 8: "a"
                        RenderMathMLBlock (anonymous, flex) at (0,12) size 9x16 [padding: 1 0 0 0]
                          RenderBlock {mi} at (0,4) size 9x12
                            RenderText {#text} at (0,-6) size 8x24
                              text run at (0,-6) width 8: "b"
                      RenderMathMLOperator {mo} at (14,7) size 11x10
                        RenderMathMLBlock (flex) {mo} at (0,0) size 11x10
                          RenderBlock (anonymous) at (0,0) size 11x10
                            RenderText {mo} at (0,-8) size 11x24
                              text run at (0,-8) width 11: "+"
                      RenderBlock {mi} at (28,8) size 8x9
                        RenderText {#text} at (0,-9) size 7x24
                          text run at (0,-9) width 7: "c"
                  RenderMathMLBlock (anonymous, flex) at (0,31) size 36x32 [padding: 1 0 0 0]
                    RenderMathMLRow {mrow} at (0,4) size 36x28
                      RenderMathMLFraction {mfrac} at (1,0) size 9x28
                        RenderMathMLBlock (anonymous, flex) at (0,0) size 9x12
                          RenderBlock {mi} at (0,0) size 8x9
                            RenderText {#text} at (0,-9) size 7x24
                              text run at (0,-9) width 7: "c"
                        RenderMathMLBlock (anonymous, flex) at (0,12) size 9x16 [padding: 1 0 0 0]
                          RenderBlock {mi} at (0,4) size 9x12
                            RenderText {#text} at (0,-6) size 8x24
                              text run at (0,-6) width 8: "d"
                      RenderMathMLOperator {mo} at (14,7) size 11x10
                        RenderMathMLBlock (flex) {mo} at (0,0) size 11x10
                          RenderBlock (anonymous) at (0,0) size 11x10
                            RenderText {mo} at (0,-8) size 11x24
                              text run at (0,-8) width 11: "+"
                      RenderBlock {mi} at (28,8) size 8x9
                        RenderText {#text} at (0,-9) size 7x24
                          text run at (0,-9) width 7: "e"
                RenderMathMLOperator {mo} at (48,0) size 7x75
                  RenderMathMLBlock (flex) {mo} at (0,0) size 7x14
                    RenderBlock (anonymous) at (0,0) size 5x14
                      RenderText {mo} at (0,-6) size 5x24
                        text run at (0,-6) width 5: ")"
            RenderMathMLOperator {mo} at (64,35) size 11x10
              RenderMathMLBlock (flex) {mo} at (0,0) size 11x10
                RenderBlock (anonymous) at (0,0) size 11x10
                  RenderText {mo} at (0,-8) size 11x24
                    text run at (0,-8) width 11: "+"
            RenderMathMLRow {mrow} at (78,14) size 62x52
              RenderBlock {mi} at (0,22) size 9x12
                RenderText {#text} at (0,-9) size 8x24
                  text run at (0,-9) width 8: "g"
              RenderMathMLRow {mrow} at (9,0) size 53x52
                RenderMathMLOperator {mo} at (1,0) size 7x52
                  RenderMathMLBlock (flex) {mo} at (0,0) size 7x14
                    RenderBlock (anonymous) at (0,0) size 5x14
                      RenderText {mo} at (0,-6) size 5x24
                        text run at (0,-6) width 5: "["
                RenderMathMLSubSup {msubsup} at (9,5) size 35x44
                  RenderMathMLBlock (anonymous, flex) at (0,0) size 7x44 [padding: 17 0 18 0]
                    RenderBlock {mi} at (0,17) size 7x9
                      RenderText {#text} at (0,-9) size 7x24
                        text run at (0,-9) width 7: "x"
                  RenderMathMLBlock (anonymous, flex) at (7,0) size 28x44
                    RenderMathMLRow {mrow} at (0,22) size 28x22
                      RenderMathMLFraction {mfrac} at (1,0) size 7x22
                        RenderMathMLBlock (anonymous, flex) at (0,0) size 7x9
                          RenderBlock {mi} at (0,0) size 6x7
                            RenderText {#text} at (0,-7) size 5x18
                              text run at (0,-7) width 5: "c"
                        RenderMathMLBlock (anonymous, flex) at (0,9) size 7x13 [padding: 1 0 0 0]
                          RenderBlock {mi} at (0,3) size 7x10
                            RenderText {#text} at (0,-4) size 6x18
                              text run at (0,-4) width 6: "d"
                      RenderMathMLOperator {mo} at (11,5) size 8x8
                        RenderMathMLBlock (flex) {mo} at (0,0) size 8x8
                          RenderBlock (anonymous) at (0,0) size 8x8
                            RenderText {mo} at (0,-6) size 8x18
                              text run at (0,-6) width 8: "+"
                      RenderBlock {mi} at (21,6) size 6x7
                        RenderText {#text} at (0,-7) size 5x18
                          text run at (0,-7) width 5: "e"
                    RenderMathMLRow {mrow} at (1,0) size 27x22
                      RenderMathMLFraction {mfrac} at (1,0) size 7x22
                        RenderMathMLBlock (anonymous, flex) at (0,0) size 7x9
                          RenderBlock {mi} at (0,0) size 7x7
                            RenderText {#text} at (0,-7) size 6x18
                              text run at (0,-7) width 6: "a"
                        RenderMathMLBlock (anonymous, flex) at (0,9) size 7x13 [padding: 1 0 0 0]
                          RenderBlock {mi} at (0,3) size 7x10
                            RenderText {#text} at (0,-4) size 6x18
                              text run at (0,-4) width 6: "b"
                      RenderMathMLOperator {mo} at (11,5) size 8x8
                        RenderMathMLBlock (flex) {mo} at (0,0) size 8x8
                          RenderBlock (anonymous) at (0,0) size 8x8
                            RenderText {mo} at (0,-6) size 8x18
                              text run at (0,-6) width 8: "+"
                      RenderBlock {mi} at (21,6) size 6x7
                        RenderText {#text} at (0,-7) size 5x18
                          text run at (0,-7) width 5: "c"
                RenderMathMLOperator {mo} at (45,0) size 7x52
                  RenderMathMLBlock (flex) {mo} at (0,0) size 7x14
                    RenderBlock (anonymous) at (0,0) size 5x14
                      RenderText {mo} at (0,-6) size 5x24
                        text run at (0,-6) width 5: "]"
          RenderMathMLOperator {mo} at (143,35) size 11x10
            RenderMathMLBlock (flex) {mo} at (0,0) size 11x10
              RenderBlock (anonymous) at (0,0) size 11x10
                RenderText {mo} at (0,-8) size 11x24
                  text run at (0,-8) width 11: "+"
          RenderMathMLRow {mrow} at (157,20) size 45x51
            RenderMathMLSubSup {msubsup} at (0,0) size 18x51
              RenderMathMLBlock (anonymous, flex) at (0,0) size 11x51 [padding: 0 0 9 0]
                RenderMathMLOperator {mo} at (0,0) size 11x42
                  RenderMathMLBlock (flex) {mo} at (0,0) size 11x20
                    RenderBlock (anonymous) at (0,0) size 7x20
                      RenderText {mo} at (0,-3) size 7x24
                        text run at (0,-3) width 7: "\x{222B}"
              RenderMathMLBlock (anonymous, flex) at (11,0) size 7x51
                RenderBlock {mi} at (0,44) size 7x7
                  RenderText {#text} at (0,-7) size 6x18
                    text run at (0,-7) width 6: "a"
                RenderBlock {mi} at (0,0) size 7x10
                  RenderText {#text} at (0,-4) size 6x18
                    text run at (0,-4) width 6: "b"
            RenderMathMLRow {mrow} at (18,4) size 27x35
              RenderMathMLUnderOver {munderover} at (0,0) size 22x35
                RenderMathMLOperator {mo} at (3,7) size 15x18
                  RenderMathMLBlock (flex) {mo} at (0,0) size 15x18
                    RenderBlock (anonymous) at (0,0) size 15x18
                      RenderText {mo} at (0,-4) size 15x24
                        text run at (0,-4) width 15: "\x{2211}"
                RenderMathMLRow {mrow} at (0,25) size 22x10
                  RenderBlock {mi} at (0,1) size 4x9
                    RenderText {#text} at (0,-5) size 3x18
                      text run at (0,-5) width 3: "i"
                  RenderMathMLOperator {mo} at (6,4) size 8x6
                    RenderMathMLBlock (flex) {mo} at (0,0) size 8x6
                      RenderBlock (anonymous) at (0,0) size 8x6
                        RenderText {mo} at (0,-8) size 8x18
                          text run at (0,-8) width 8: "="
                  RenderBlock {mn} at (16,0) size 6x10
                    RenderText {#text} at (0,-4) size 6x18
                      text run at (0,-4) width 6: "0"
                RenderBlock {mi} at (7,0) size 7x7
                  RenderText {#text} at (0,-7) size 6x18
                    text run at (0,-7) width 6: "n"
              RenderBlock {mi} at (22,9) size 5x12
                RenderText {#text} at (0,-6) size 4x24
                  text run at (0,-6) width 4: "i"
      RenderBlock {P} at (0,91) size 784x18
        RenderText {#text} at (0,0) size 52x18
          text run at (0,0) width 52: "Implied "
        RenderInline {CODE} at (0,0) size 32x15
          RenderText {#text} at (52,2) size 32x15
            text run at (52,2) width 32: "mrow"
        RenderText {#text} at (84,0) size 157x18
          text run at (84,0) width 157: " with operator stretching:"
      RenderMathMLMath {math} at (0,125) size 784x43 [padding: 0 1 0 1]
        RenderMathMLSquareRoot {msqrt} at (367,0) size 49x43 [intrinsic padding: 3 0 3 12]
          RenderMathMLRow (anonymous) at (12,3) size 37x37
            RenderBlock {mi} at (0,10) size 5x15
              RenderText {#text} at (0,-6) size 4x24
                text run at (0,-6) width 4: "f"
            RenderMathMLOperator {mo} at (8,0) size 7x37
              RenderMathMLBlock (flex) {mo} at (0,0) size 7x14
                RenderBlock (anonymous) at (0,0) size 5x14
                  RenderText {mo} at (0,-6) size 5x24
                    text run at (0,-6) width 5: "("
            RenderMathMLFraction {mfrac} at (19,2) size 8x31
              RenderMathMLBlock (anonymous, flex) at (0,0) size 8x15
                RenderBlock {mn} at (0,0) size 8x12
                  RenderText {#text} at (0,-6) size 8x24
                    text run at (0,-6) width 8: "1"
              RenderMathMLBlock (anonymous, flex) at (0,15) size 8x16 [padding: 1 0 0 0]
                RenderBlock {mi} at (0,4) size 8x12
                  RenderText {#text} at (0,-9) size 7x24
                    text run at (0,-9) width 7: "y"
            RenderMathMLOperator {mo} at (29,0) size 7x37
              RenderMathMLBlock (flex) {mo} at (0,0) size 7x14
                RenderBlock (anonymous) at (0,0) size 5x14
                  RenderText {mo} at (0,-6) size 5x24
                    text run at (0,-6) width 5: ")"
      RenderBlock {P} at (0,184) size 784x18
        RenderText {#text} at (0,0) size 387x18
          text run at (0,0) width 387: "Preferred logical widths and heights, with operator stretching:"
      RenderTable {TABLE} at (0,218) size 19x30
        RenderTableSection {TBODY} at (0,0) size 19x30
          RenderTableRow {TR} at (0,2) size 19x26
            RenderTableCell {TD} at (2,2) size 15x26 [border: (3px solid #000000)] [r=0 c=0 rs=1 cs=1]
              RenderText {#text} at (4,4) size 7x18
                text run at (4,4) width 7: "a"
      RenderTable {TABLE} at (0,248) size 144x86
        RenderTableSection {TBODY} at (0,0) size 144x86
          RenderTableRow {TR} at (0,2) size 144x82
            RenderTableCell {TD} at (2,2) size 140x82 [border: (3px solid #000000)] [r=0 c=0 rs=1 cs=1]
              RenderMathMLMath {math} at (4,4) size 132x74 [padding: 0 1 0 1]
                RenderMathMLRow {mrow} at (1,0) size 130x74
                  RenderMathMLRow {mrow} at (0,32) size 32x14
                    RenderMathMLOperator {mo} at (1,0) size 10x14
                      RenderMathMLBlock (flex) {mo} at (0,0) size 10x14
                        RenderBlock (anonymous) at (0,0) size 8x14
                          RenderText {mo} at (0,-6) size 8x24
                            text run at (0,-6) width 8: "{"
                    RenderBlock {mi} at (12,3) size 8x9
                      RenderText {#text} at (0,-9) size 7x24
                        text run at (0,-9) width 7: "x"
                    RenderMathMLOperator {mo} at (21,0) size 10x14
                      RenderMathMLBlock (flex) {mo} at (0,0) size 10x14
                        RenderBlock (anonymous) at (0,0) size 8x14
                          RenderText {mo} at (0,-6) size 8x24
                            text run at (0,-6) width 8: "}"
                  RenderMathMLOperator {mo} at (35,34) size 11x10
                    RenderMathMLBlock (flex) {mo} at (0,0) size 11x10
                      RenderBlock (anonymous) at (0,0) size 11x10
                        RenderText {mo} at (0,-8) size 11x24
                          text run at (0,-8) width 11: "+"
                  RenderMathMLFenced {mfenced} at (49,22) size 28x37
                    RenderMathMLOperator {mfenced} at (1,0) size 7x37
                      RenderMathMLBlock (flex) {mfenced} at (0,0) size 7x14
                        RenderBlock (anonymous) at (0,0) size 5x14
                          RenderText {mfenced} at (0,-6) size 5x24
                            text run at (0,-6) width 5: "("
                    RenderMathMLFraction {mfrac} at (10,2) size 8x31
                      RenderMathMLBlock (anonymous, flex) at (0,0) size 8x15
                        RenderBlock {mn} at (0,0) size 8x12
                          RenderText {#text} at (0,-6) size 8x24
                            text run at (0,-6) width 8: "1"
                      RenderMathMLBlock (anonymous, flex) at (0,15) size 8x16 [padding: 1 0 0 0]
                        RenderBlock {mi} at (0,4) size 8x12
                          RenderText {#text} at (0,-9) size 7x24
                            text run at (0,-9) width 7: "y"
                    RenderMathMLOperator {mfenced} at (20,0) size 7x37
                      RenderMathMLBlock (flex) {mfenced} at (0,0) size 7x14
                        RenderBlock (anonymous) at (0,0) size 5x14
                          RenderText {mfenced} at (0,-6) size 5x24
                            text run at (0,-6) width 5: ")"
                  RenderMathMLOperator {mo} at (80,34) size 11x10
                    RenderMathMLBlock (flex) {mo} at (0,0) size 11x10
                      RenderBlock (anonymous) at (0,0) size 11x10
                        RenderText {mo} at (0,-8) size 11x24
                          text run at (0,-8) width 11: "+"
                  RenderMathMLRow {mrow} at (94,0) size 36x74
                    RenderMathMLOperator {mo} at (1,0) size 7x74
                      RenderMathMLBlock (flex) {mo} at (0,0) size 7x14
                        RenderBlock (anonymous) at (0,0) size 5x14
                          RenderText {mo} at (0,-6) size 5x24
                            text run at (0,-6) width 5: "["
                    RenderMathMLTable {mtable} at (9,9) size 18x62
                      RenderTableSection (anonymous) at (0,0) size 18x62
                        RenderTableRow {mtr} at (0,2) size 18x18
                          RenderTableCell {mtd} at (2,2) size 14x18 [r=0 c=0 rs=1 cs=1]
                            RenderInline {mn} at (0,0) size 8x24
                              RenderText {#text} at (3,-3) size 8x24
                                text run at (3,-3) width 8: "1"
                        RenderTableRow {mtr} at (0,22) size 18x18
                          RenderTableCell {mtd} at (2,22) size 14x18 [r=1 c=0 rs=1 cs=1]
                            RenderInline {mn} at (0,0) size 8x24
                              RenderText {#text} at (3,-3) size 8x24
                                text run at (3,-3) width 8: "2"
                        RenderTableRow {mtr} at (0,42) size 18x18
                          RenderTableCell {mtd} at (2,42) size 14x18 [r=2 c=0 rs=1 cs=1]
                            RenderInline {mn} at (0,0) size 8x24
                              RenderText {#text} at (3,-3) size 8x24
                                text run at (3,-3) width 8: "3"
                    RenderMathMLOperator {mo} at (28,0) size 7x74
                      RenderMathMLBlock (flex) {mo} at (0,0) size 7x14
                        RenderBlock (anonymous) at (0,0) size 5x14
                          RenderText {mo} at (0,-6) size 5x24
                            text run at (0,-6) width 5: "]"
