layer at (0,0) size 800x600
  RenderView at (0,0) size 800x600
layer at (0,0) size 800x560
  RenderBlock {html} at (0,0) size 800x560
    RenderBody {body} at (8,19) size 784x525
      RenderBlock {div} at (0,0) size 784x65
        RenderBlock {h2} at (0,0) size 784x28
          RenderText {#text} at (0,0) size 129x28
            text run at (0,0) width 129: "Normal flow"
        RenderBlock {p} at (0,47) size 784x18
          RenderText {#text} at (0,0) size 154x18
            text run at (0,0) width 154: "I am a paragraph of text "
          RenderMathMLMath {math} at (154,3) size 35x12 [padding: 0 1 0 1]
            RenderBlock {mi} at (1,3) size 8x9
              RenderText {#text} at (0,-9) size 7x24
                text run at (0,-9) width 7: "x"
            RenderMathMLOperator {mo} at (12,2) size 11x10
              RenderMathMLBlock (flex) {mo} at (0,0) size 11x10
                RenderBlock (anonymous) at (0,0) size 11x10
                  RenderText {mo} at (0,-8) size 11x24
                    text run at (0,-8) width 11: "+"
            RenderBlock {mn} at (26,0) size 8x12
              RenderText {#text} at (0,-6) size 8x24
                text run at (0,-6) width 8: "1"
          RenderText {#text} at (189,0) size 110x18
            text run at (189,0) width 110: " with math inline."
      RenderBlock {div} at (0,84) size 784x145
        RenderBlock {h2} at (0,0) size 784x28
          RenderText {#text} at (0,0) size 203x28
            text run at (0,0) width 203: "Fraction Alignment"
        RenderBlock {p} at (0,47) size 784x31
          RenderText {#text} at (0,5) size 27x18
            text run at (0,5) width 27: "text "
          RenderMathMLMath {math} at (27,0) size 37x31 [padding: 0 1 0 1]
            RenderMathMLFraction {mfrac} at (2,0) size 33x31
              RenderMathMLBlock (anonymous, flex) at (0,0) size 33x15
                RenderMathMLRow {mrow} at (0,0) size 33x12
                  RenderBlock {mi} at (0,3) size 8x9
                    RenderText {#text} at (0,-9) size 7x24
                      text run at (0,-9) width 7: "x"
                  RenderMathMLOperator {mo} at (11,2) size 11x10
                    RenderMathMLBlock (flex) {mo} at (0,0) size 11x10
                      RenderBlock (anonymous) at (0,0) size 11x10
                        RenderText {mo} at (0,-8) size 11x24
                          text run at (0,-8) width 11: "+"
                  RenderBlock {mn} at (25,0) size 8x12
                    RenderText {#text} at (0,-6) size 8x24
                      text run at (0,-6) width 8: "1"
              RenderMathMLBlock (anonymous, flex) at (0,15) size 33x16 [padding: 1 0 0 0]
                RenderBlock {mn} at (12,4) size 8x12
                  RenderText {#text} at (0,-6) size 8x24
                    text run at (0,-6) width 8: "2"
          RenderText {#text} at (0,0) size 0x0
        RenderBlock {p} at (0,94) size 784x51
          RenderText {#text} at (0,15) size 27x18
            text run at (0,15) width 27: "text "
          RenderMathMLMath {math} at (27,0) size 82x51 [padding: 0 1 0 1]
            RenderBlock {mi} at (1,21) size 8x9
              RenderText {#text} at (0,-9) size 7x24
                text run at (0,-9) width 7: "x"
            RenderMathMLOperator {mo} at (12,20) size 11x10
              RenderMathMLBlock (flex) {mo} at (0,0) size 11x10
                RenderBlock (anonymous) at (0,0) size 11x10
                  RenderText {mo} at (0,-8) size 11x24
                    text run at (0,-8) width 11: "+"
            RenderMathMLFraction {mfrac} at (27,0) size 53x51 [bgcolor=#FFFF00] [padding: 10 10 10 10]
              RenderMathMLBlock (anonymous, flex) at (10,10) size 33x15
                RenderMathMLRow {mrow} at (0,0) size 33x12
                  RenderBlock {mi} at (0,3) size 8x9
                    RenderText {#text} at (0,-9) size 7x24
                      text run at (0,-9) width 7: "x"
                  RenderMathMLOperator {mo} at (11,2) size 11x10
                    RenderMathMLBlock (flex) {mo} at (0,0) size 11x10
                      RenderBlock (anonymous) at (0,0) size 11x10
                        RenderText {mo} at (0,-8) size 11x24
                          text run at (0,-8) width 11: "+"
                  RenderBlock {mn} at (25,0) size 8x12
                    RenderText {#text} at (0,-6) size 8x24
                      text run at (0,-6) width 8: "1"
              RenderMathMLBlock (anonymous, flex) at (10,25) size 33x16 [padding: 1 0 0 0]
                RenderBlock {mn} at (12,4) size 8x12
                  RenderText {#text} at (0,-6) size 8x24
                    text run at (0,-6) width 8: "2"
          RenderText {#text} at (0,0) size 0x0
      RenderBlock {div} at (0,248) size 784x277
        RenderBlock {h2} at (0,0) size 784x28
          RenderText {#text} at (0,0) size 210x28
            text run at (0,0) width 210: "Operator Stretching"
        RenderBlock {p} at (0,47) size 784x37
          RenderText {#text} at (0,7) size 27x18
            text run at (0,7) width 27: "text "
          RenderMathMLMath {math} at (27,0) size 80x37 [padding: 0 1 0 1]
            RenderMathMLOperator {mo} at (2,0) size 7x37
              RenderMathMLBlock (flex) {mo} at (0,0) size 7x14
                RenderBlock (anonymous) at (0,0) size 5x14
                  RenderText {mo} at (0,-6) size 5x24
                    text run at (0,-6) width 5: "("
            RenderBlock {mi} at (10,13) size 8x9
              RenderText {#text} at (0,-9) size 7x24
                text run at (0,-9) width 7: "x"
            RenderMathMLOperator {mo} at (21,12) size 11x10
              RenderMathMLBlock (flex) {mo} at (0,0) size 11x10
                RenderBlock (anonymous) at (0,0) size 11x10
                  RenderText {mo} at (0,-8) size 11x24
                    text run at (0,-8) width 11: "+"
            RenderMathMLFraction {mfrac} at (36,2) size 33x31
              RenderMathMLBlock (anonymous, flex) at (0,0) size 33x15
                RenderMathMLRow {mrow} at (0,0) size 33x12
                  RenderBlock {mi} at (0,3) size 8x9
                    RenderText {#text} at (0,-9) size 7x24
                      text run at (0,-9) width 7: "x"
                  RenderMathMLOperator {mo} at (11,2) size 11x10
                    RenderMathMLBlock (flex) {mo} at (0,0) size 11x10
                      RenderBlock (anonymous) at (0,0) size 11x10
                        RenderText {mo} at (0,-8) size 11x24
                          text run at (0,-8) width 11: "+"
                  RenderBlock {mn} at (25,0) size 8x12
                    RenderText {#text} at (0,-6) size 8x24
                      text run at (0,-6) width 8: "1"
              RenderMathMLBlock (anonymous, flex) at (0,15) size 33x16 [padding: 1 0 0 0]
                RenderBlock {mn} at (12,4) size 8x12
                  RenderText {#text} at (0,-6) size 8x24
                    text run at (0,-6) width 8: "2"
            RenderMathMLOperator {mo} at (71,0) size 7x37
              RenderMathMLBlock (flex) {mo} at (0,0) size 7x14
                RenderBlock (anonymous) at (0,0) size 5x14
                  RenderText {mo} at (0,-6) size 5x24
                    text run at (0,-6) width 5: ")"
          RenderText {#text} at (0,0) size 0x0
        RenderBlock {p} at (0,100) size 784x82
          RenderText {#text} at (0,34) size 27x18
            text run at (0,34) width 27: "text "
          RenderMathMLMath {math} at (27,0) size 108x82 [padding: 0 1 0 1]
            RenderBlock {mi} at (1,40) size 8x12
              RenderText {#text} at (0,-9) size 7x24
                text run at (0,-9) width 7: "y"
            RenderMathMLOperator {mo} at (12,0) size 7x82
              RenderMathMLBlock (flex) {mo} at (0,0) size 7x14
                RenderBlock (anonymous) at (0,0) size 5x14
                  RenderText {mo} at (0,-6) size 5x24
                    text run at (0,-6) width 5: "("
            RenderMathMLUnderOver {munder} at (22,37) size 14x20
              RenderBlock {mi} at (0,0) size 14x13
                RenderText {#text} at (0,-6) size 13x24
                  text run at (0,-6) width 13: "\x{220F}"
              RenderBlock {mi} at (4,13) size 6x7
                RenderText {#text} at (0,-7) size 5x18
                  text run at (0,-7) width 5: "x"
            RenderMathMLFraction {mfrac} at (37,10) size 60x69
              RenderMathMLBlock (anonymous, flex) at (0,0) size 60x34
                RenderMathMLRow {mrow} at (0,0) size 60x31
                  RenderBlock {mi} at (0,11) size 8x9
                    RenderText {#text} at (0,-9) size 7x24
                      text run at (0,-9) width 7: "x"
                  RenderMathMLOperator {mo} at (11,10) size 11x10
                    RenderMathMLBlock (flex) {mo} at (0,0) size 11x10
                      RenderBlock (anonymous) at (0,0) size 11x10
                        RenderText {mo} at (0,-8) size 11x24
                          text run at (0,-8) width 11: "+"
                  RenderMathMLFraction {mfrac} at (26,0) size 33x31
                    RenderMathMLBlock (anonymous, flex) at (0,0) size 33x15
                      RenderMathMLRow {mrow} at (0,0) size 33x12
                        RenderBlock {mi} at (0,3) size 8x9
                          RenderText {#text} at (0,-9) size 7x24
                            text run at (0,-9) width 7: "x"
                        RenderMathMLOperator {mo} at (11,2) size 11x10
                          RenderMathMLBlock (flex) {mo} at (0,0) size 11x10
                            RenderBlock (anonymous) at (0,0) size 11x10
                              RenderText {mo} at (0,-8) size 11x24
                                text run at (0,-8) width 11: "+"
                        RenderBlock {mn} at (25,0) size 8x12
                          RenderText {#text} at (0,-6) size 8x24
                            text run at (0,-6) width 8: "1"
                    RenderMathMLBlock (anonymous, flex) at (0,15) size 33x16 [padding: 1 0 0 0]
                      RenderBlock {mn} at (12,4) size 8x12
                        RenderText {#text} at (0,-6) size 8x24
                          text run at (0,-6) width 8: "2"
              RenderMathMLBlock (anonymous, flex) at (0,34) size 60x35 [padding: 1 0 0 0]
                RenderMathMLRow {mrow} at (0,4) size 60x31
                  RenderBlock {mi} at (0,11) size 8x9
                    RenderText {#text} at (0,-9) size 7x24
                      text run at (0,-9) width 7: "x"
                  RenderMathMLOperator {mo} at (11,10) size 11x10
                    RenderMathMLBlock (flex) {mo} at (0,0) size 11x10
                      RenderBlock (anonymous) at (0,0) size 11x10
                        RenderText {mo} at (0,-8) size 11x24
                          text run at (0,-8) width 11: "+"
                  RenderMathMLFraction {mfrac} at (26,0) size 33x31
                    RenderMathMLBlock (anonymous, flex) at (0,0) size 33x15
                      RenderMathMLRow {mrow} at (0,0) size 33x12
                        RenderBlock {mi} at (0,3) size 8x9
                          RenderText {#text} at (0,-9) size 7x24
                            text run at (0,-9) width 7: "x"
                        RenderMathMLOperator {mo} at (11,2) size 11x10
                          RenderMathMLBlock (flex) {mo} at (0,0) size 11x10
                            RenderBlock (anonymous) at (0,0) size 11x10
                              RenderText {mo} at (0,-8) size 11x24
                                text run at (0,-8) width 11: "+"
                        RenderBlock {mn} at (25,0) size 8x12
                          RenderText {#text} at (0,-6) size 8x24
                            text run at (0,-6) width 8: "1"
                    RenderMathMLBlock (anonymous, flex) at (0,15) size 33x16 [padding: 1 0 0 0]
                      RenderBlock {mn} at (12,4) size 8x12
                        RenderText {#text} at (0,-6) size 8x24
                          text run at (0,-6) width 8: "2"
            RenderMathMLOperator {mo} at (99,0) size 7x82
              RenderMathMLBlock (flex) {mo} at (0,0) size 7x14
                RenderBlock (anonymous) at (0,0) size 5x14
                  RenderText {mo} at (0,-6) size 5x24
                    text run at (0,-6) width 5: ")"
          RenderText {#text} at (0,0) size 0x0
        RenderBlock {p} at (0,198) size 784x79
          RenderText {#text} at (0,32) size 27x18
            text run at (0,32) width 27: "text "
          RenderMathMLMath {math} at (27,0) size 98x79 [padding: 0 1 0 1]
            RenderMathMLOperator {mo} at (2,0) size 7x79
              RenderMathMLBlock (flex) {mo} at (0,0) size 7x14
                RenderBlock (anonymous) at (0,0) size 5x14
                  RenderText {mo} at (0,-6) size 5x24
                    text run at (0,-6) width 5: "["
            RenderMathMLTable {mtable} at (10,10) size 78x66
              RenderTableSection (anonymous) at (0,0) size 78x66
                RenderTableRow {mtr} at (0,0) size 78x21
                  RenderTableCell {mtd} at (0,0) size 26x21 [r=0 c=0 rs=1 cs=1]
                    RenderMathMLSubSup {msub} at (3,3) size 20x15
                      RenderMathMLBlock (anonymous, flex) at (0,0) size 8x15 [padding: 0 0 6 0]
                        RenderBlock {mi} at (0,0) size 8x9
                          RenderText {#text} at (0,-9) size 8x24
                            text run at (0,-9) width 8: "a"
                      RenderMathMLBlock (anonymous, flex) at (8,5) size 12x10
                        RenderBlock {mn} at (0,0) size 12x10
                          RenderText {#text} at (0,-4) size 12x18
                            text run at (0,-4) width 12: "11"
                  RenderTableCell {mtd} at (26,0) size 26x21 [r=0 c=1 rs=1 cs=1]
                    RenderMathMLSubSup {msub} at (3,3) size 20x15
                      RenderMathMLBlock (anonymous, flex) at (0,0) size 8x15 [padding: 0 0 6 0]
                        RenderBlock {mi} at (0,0) size 8x9
                          RenderText {#text} at (0,-9) size 8x24
                            text run at (0,-9) width 8: "a"
                      RenderMathMLBlock (anonymous, flex) at (8,5) size 12x10
                        RenderBlock {mn} at (0,0) size 12x10
                          RenderText {#text} at (0,-4) size 12x18
                            text run at (0,-4) width 12: "12"
                  RenderTableCell {mtd} at (52,0) size 26x21 [r=0 c=2 rs=1 cs=1]
                    RenderMathMLSubSup {msub} at (3,3) size 20x15
                      RenderMathMLBlock (anonymous, flex) at (0,0) size 8x15 [padding: 0 0 6 0]
                        RenderBlock {mi} at (0,0) size 8x9
                          RenderText {#text} at (0,-9) size 8x24
                            text run at (0,-9) width 8: "a"
                      RenderMathMLBlock (anonymous, flex) at (8,5) size 12x10
                        RenderBlock {mn} at (0,0) size 12x10
                          RenderText {#text} at (0,-4) size 12x18
                            text run at (0,-4) width 12: "13"
                RenderTableRow {mtr} at (0,21) size 78x24
                  RenderTableCell {mtd} at (0,21) size 26x24 [r=1 c=0 rs=1 cs=1]
                    RenderMathMLSubSup {msub} at (3,3) size 20x18
                      RenderMathMLBlock (anonymous, flex) at (0,0) size 8x18 [padding: 0 0 6 0]
                        RenderBlock {mi} at (0,0) size 8x12
                          RenderText {#text} at (0,-6) size 8x24
                            text run at (0,-6) width 8: "b"
                      RenderMathMLBlock (anonymous, flex) at (8,8) size 12x10
                        RenderBlock {mn} at (0,0) size 12x10
                          RenderText {#text} at (0,-4) size 12x18
                            text run at (0,-4) width 12: "21"
                  RenderTableCell {mtd} at (26,21) size 26x24 [r=1 c=1 rs=1 cs=1]
                    RenderMathMLSubSup {msub} at (3,3) size 20x18
                      RenderMathMLBlock (anonymous, flex) at (0,0) size 8x18 [padding: 0 0 6 0]
                        RenderBlock {mi} at (0,0) size 8x12
                          RenderText {#text} at (0,-6) size 8x24
                            text run at (0,-6) width 8: "b"
                      RenderMathMLBlock (anonymous, flex) at (8,8) size 12x10
                        RenderBlock {mn} at (0,0) size 12x10
                          RenderText {#text} at (0,-4) size 12x18
                            text run at (0,-4) width 12: "22"
                  RenderTableCell {mtd} at (52,21) size 26x24 [r=1 c=2 rs=1 cs=1]
                    RenderMathMLSubSup {msub} at (3,3) size 20x18
                      RenderMathMLBlock (anonymous, flex) at (0,0) size 8x18 [padding: 0 0 6 0]
                        RenderBlock {mi} at (0,0) size 8x12
                          RenderText {#text} at (0,-6) size 8x24
                            text run at (0,-6) width 8: "b"
                      RenderMathMLBlock (anonymous, flex) at (8,8) size 12x10
                        RenderBlock {mn} at (0,0) size 12x10
                          RenderText {#text} at (0,-4) size 12x18
                            text run at (0,-4) width 12: "23"
                RenderTableRow {mtr} at (0,45) size 78x21
                  RenderTableCell {mtd} at (0,45) size 26x21 [r=2 c=0 rs=1 cs=1]
                    RenderMathMLSubSup {msub} at (4,3) size 19x15
                      RenderMathMLBlock (anonymous, flex) at (0,0) size 7x15 [padding: 0 0 6 0]
                        RenderBlock {mi} at (0,0) size 7x9
                          RenderText {#text} at (0,-9) size 7x24
                            text run at (0,-9) width 7: "c"
                      RenderMathMLBlock (anonymous, flex) at (7,5) size 12x10
                        RenderBlock {mn} at (0,0) size 12x10
                          RenderText {#text} at (0,-4) size 12x18
                            text run at (0,-4) width 12: "31"
                  RenderTableCell {mtd} at (26,45) size 26x21 [r=2 c=1 rs=1 cs=1]
                    RenderMathMLSubSup {msub} at (4,3) size 19x15
                      RenderMathMLBlock (anonymous, flex) at (0,0) size 7x15 [padding: 0 0 6 0]
                        RenderBlock {mi} at (0,0) size 7x9
                          RenderText {#text} at (0,-9) size 7x24
                            text run at (0,-9) width 7: "c"
                      RenderMathMLBlock (anonymous, flex) at (7,5) size 12x10
                        RenderBlock {mn} at (0,0) size 12x10
                          RenderText {#text} at (0,-4) size 12x18
                            text run at (0,-4) width 12: "32"
                  RenderTableCell {mtd} at (52,45) size 26x21 [r=2 c=2 rs=1 cs=1]
                    RenderMathMLSubSup {msub} at (4,3) size 19x15
                      RenderMathMLBlock (anonymous, flex) at (0,0) size 7x15 [padding: 0 0 6 0]
                        RenderBlock {mi} at (0,0) size 7x9
                          RenderText {#text} at (0,-9) size 7x24
                            text run at (0,-9) width 7: "c"
                      RenderMathMLBlock (anonymous, flex) at (7,5) size 12x10
                        RenderBlock {mn} at (0,0) size 12x10
                          RenderText {#text} at (0,-4) size 12x18
                            text run at (0,-4) width 12: "33"
            RenderMathMLOperator {mo} at (89,0) size 7x79
              RenderMathMLBlock (flex) {mo} at (0,0) size 7x14
                RenderBlock (anonymous) at (0,0) size 5x14
                  RenderText {mo} at (0,-6) size 5x24
                    text run at (0,-6) width 5: "]"
          RenderText {#text} at (0,0) size 0x0
