layer at (0,0) size 800x600
  RenderView at (0,0) size 800x600
layer at (0,0) size 800x124
  RenderBlock {html} at (0,0) size 800x124
    RenderBody {body} at (8,16) size 784x92
      RenderBlock {p} at (0,0) size 784x21
        RenderText {#text} at (0,0) size 27x18
          text run at (0,0) width 27: "text "
        RenderMathMLMath {math} at (27,6) size 15x15 [padding: 0 1 0 1]
          RenderMathMLSubSup {msub} at (1,0) size 13x15
            RenderMathMLBlock (anonymous, flex) at (0,0) size 7x15 [padding: 0 0 6 0]
              RenderBlock {mi} at (0,0) size 7x9
                RenderText {#text} at (0,-9) size 7x24
                  text run at (0,-9) width 7: "x"
            RenderMathMLBlock (anonymous, flex) at (7,5) size 6x10
              RenderBlock {mn} at (0,0) size 6x10
                RenderText {#text} at (0,-4) size 6x18
                  text run at (0,-4) width 6: "1"
        RenderText {#text} at (0,0) size 0x0
      RenderBlock {p} at (0,37) size 784x19
        RenderText {#text} at (0,0) size 27x18
          text run at (0,0) width 27: "text "
        RenderMathMLMath {math} at (27,5) size 19x14 [padding: 0 1 0 1]
          RenderMathMLSubSup {msub} at (1,0) size 17x14
            RenderMathMLBlock (anonymous, flex) at (0,0) size 11x14 [padding: 0 0 4 0]
              RenderMathMLOperator {mo} at (0,0) size 11x10
                RenderMathMLBlock (flex) {mo} at (0,0) size 11x10
                  RenderBlock (anonymous) at (0,0) size 11x10
                    RenderText {mo} at (0,-8) size 11x24
                      text run at (0,-8) width 11: "+"
            RenderMathMLBlock (anonymous, flex) at (11,7) size 6x7
              RenderBlock {mi} at (0,0) size 6x7
                RenderText {#text} at (0,-7) size 5x18
                  text run at (0,-7) width 5: "x"
        RenderText {#text} at (0,0) size 0x0
      RenderBlock {p} at (0,72) size 784x20
        RenderText {#text} at (0,0) size 27x18
          text run at (0,0) width 27: "text "
        RenderMathMLMath {math} at (27,0) size 21x20 [padding: 0 1 0 1]
          RenderMathMLSubSup {msub} at (1,0) size 19x20
            RenderMathMLBlock (anonymous, flex) at (0,0) size 11x20
              RenderMathMLOperator {mo} at (0,0) size 11x20
                RenderMathMLBlock (flex) {mo} at (0,0) size 11x20
                  RenderBlock (anonymous) at (0,0) size 7x20
                    RenderText {mo} at (0,-3) size 7x24
                      text run at (0,-3) width 7: "\x{222B}"
            RenderMathMLBlock (anonymous, flex) at (11,11) size 8x9
              RenderBlock {mi} at (0,0) size 8x9
                RenderText {#text} at (0,-5) size 7x18
                  text run at (0,-5) width 7: "Y"
        RenderText {#text} at (0,0) size 0x0
